Archive member included to satisfy reference by file (symbol)

C:/arm-gcc/arm-gnu-toolchain-13.2.Rel1-mingw-w64-i686-arm-none-eabi/bin/../lib/gcc/arm-none-eabi/13.2.1/thumb/v7ve+simd/hard\libc.a(libc_a-memset.o)
                              build/drivers/ble_driver.o (memset)
C:/arm-gcc/arm-gnu-toolchain-13.2.Rel1-mingw-w64-i686-arm-none-eabi/bin/../lib/gcc/arm-none-eabi/13.2.1/thumb/v7ve+simd/hard\libc.a(libc_a-memcpy.o)
                              build/drivers/ble_driver.o (memcpy)

Discarded input sections

 .text          0x00000000        0x0 build/src/main.o
 .data          0x00000000        0x0 build/src/main.o
 .bss           0x00000000        0x0 build/src/main.o
 .text          0x00000000        0x0 build/hal/hal_gic.o
 .data          0x00000000        0x0 build/hal/hal_gic.o
 .bss           0x00000000        0x0 build/hal/hal_gic.o
 .text          0x00000000        0x0 build/drivers/i2c_driver.o
 .data          0x00000000        0x0 build/drivers/i2c_driver.o
 .bss           0x00000000        0x0 build/drivers/i2c_driver.o
 .text.i2c_send_address
                0x00000000       0x78 build/drivers/i2c_driver.o
 .text.i2c_write_blocking
                0x00000000      0x198 build/drivers/i2c_driver.o
 .text.i2c_read_blocking
                0x00000000      0x15c build/drivers/i2c_driver.o
 .text.i2c_write_async
                0x00000000       0x9c build/drivers/i2c_driver.o
 .text.i2c_get_state
                0x00000000       0x20 build/drivers/i2c_driver.o
 .text          0x00000000        0x0 build/drivers/ble_driver.o
 .data          0x00000000        0x0 build/drivers/ble_driver.o
 .bss           0x00000000        0x0 build/drivers/ble_driver.o
 .text.ble_start_scan
                0x00000000       0x54 build/drivers/ble_driver.o
 .text.ble_stop_scan
                0x00000000       0x54 build/drivers/ble_driver.o
 .text.ble_connect
                0x00000000       0x78 build/drivers/ble_driver.o
 .text.ble_disconnect
                0x00000000       0x54 build/drivers/ble_driver.o
 .text.ble_get_state
                0x00000000       0x10 build/drivers/ble_driver.o
 .text.ble_get_mac_address
                0x00000000       0x44 build/drivers/ble_driver.o
 .data          0x00000000        0x0 build/src/startup.o
 .bss           0x00000000        0x0 build/src/startup.o
 .text          0x00000000        0x0 C:/arm-gcc/arm-gnu-toolchain-13.2.Rel1-mingw-w64-i686-arm-none-eabi/bin/../lib/gcc/arm-none-eabi/13.2.1/thumb/v7ve+simd/hard\libc.a(libc_a-memset.o)
 .data          0x00000000        0x0 C:/arm-gcc/arm-gnu-toolchain-13.2.Rel1-mingw-w64-i686-arm-none-eabi/bin/../lib/gcc/arm-none-eabi/13.2.1/thumb/v7ve+simd/hard\libc.a(libc_a-memset.o)
 .bss           0x00000000        0x0 C:/arm-gcc/arm-gnu-toolchain-13.2.Rel1-mingw-w64-i686-arm-none-eabi/bin/../lib/gcc/arm-none-eabi/13.2.1/thumb/v7ve+simd/hard\libc.a(libc_a-memset.o)
 .data          0x00000000        0x0 C:/arm-gcc/arm-gnu-toolchain-13.2.Rel1-mingw-w64-i686-arm-none-eabi/bin/../lib/gcc/arm-none-eabi/13.2.1/thumb/v7ve+simd/hard\libc.a(libc_a-memcpy.o)
 .bss           0x00000000        0x0 C:/arm-gcc/arm-gnu-toolchain-13.2.Rel1-mingw-w64-i686-arm-none-eabi/bin/../lib/gcc/arm-none-eabi/13.2.1/thumb/v7ve+simd/hard\libc.a(libc_a-memcpy.o)

Memory Configuration

Name             Origin             Length             Attributes
ROM              0x00000000         0x00100000         xr
RAM              0x20000000         0x00040000         xrw
*default*        0x00000000         0xffffffff

Linker script and memory map

LOAD build/src/main.o
LOAD build/hal/hal_gic.o
LOAD build/drivers/i2c_driver.o
LOAD build/drivers/ble_driver.o
LOAD build/src/startup.o
LOAD C:/arm-gcc/arm-gnu-toolchain-13.2.Rel1-mingw-w64-i686-arm-none-eabi/bin/../lib/gcc/arm-none-eabi/13.2.1/thumb/v7ve+simd/hard\libc.a
LOAD C:/arm-gcc/arm-gnu-toolchain-13.2.Rel1-mingw-w64-i686-arm-none-eabi/bin/../lib/gcc/arm-none-eabi/13.2.1/thumb/v7ve+simd/hard\libgcc.a
LOAD C:/arm-gcc/arm-gnu-toolchain-13.2.Rel1-mingw-w64-i686-arm-none-eabi/bin/../lib/gcc/arm-none-eabi/13.2.1/thumb/v7ve+simd/hard\libnosys.a

.vectors        0x00000000       0x3c
 *(.vectors)
 .vectors       0x00000000       0x3c build/src/startup.o
                0x00000000                _vector_table

.text           0x00000040     0x1640
                0x00000040                        . = ALIGN (0x4)
 *(.text)
 .text          0x00000040       0xf4 build/src/startup.o
                0x00000040                reset_handler
                0x000000e8                irq_handler_asm
 *fill*         0x00000134        0xc 
 .text          0x00000140      0x4e0 C:/arm-gcc/arm-gnu-toolchain-13.2.Rel1-mingw-w64-i686-arm-none-eabi/bin/../lib/gcc/arm-none-eabi/13.2.1/thumb/v7ve+simd/hard\libc.a(libc_a-memcpy.o)
                0x00000140                memcpy
 *(.text*)
 .text.i2c_complete_handler
                0x00000620       0x20 build/src/main.o
 .text.ble_event_handler
                0x00000640      0x110 build/src/main.o
 .text.irq_handler
                0x00000750       0x5c build/src/main.o
                0x00000750                irq_handler
 .text.startup.main
                0x000007ac      0x150 build/src/main.o
                0x000007ac                main
 .text.gic_init
                0x000008fc       0xa8 build/hal/hal_gic.o
                0x000008fc                gic_init
 .text.gic_enable_irq
                0x000009a4       0x3c build/hal/hal_gic.o
                0x000009a4                gic_enable_irq
 .text.gic_disable_irq
                0x000009e0       0x3c build/hal/hal_gic.o
                0x000009e0                gic_disable_irq
 .text.gic_set_priority
                0x00000a1c       0x44 build/hal/hal_gic.o
                0x00000a1c                gic_set_priority
 .text.gic_acknowledge_irq
                0x00000a60       0x14 build/hal/hal_gic.o
                0x00000a60                gic_acknowledge_irq
 .text.gic_end_of_irq
                0x00000a74       0x14 build/hal/hal_gic.o
                0x00000a74                gic_end_of_irq
 .text.cpu_enable_irq
                0x00000a88        0x8 build/hal/hal_gic.o
                0x00000a88                cpu_enable_irq
 .text.cpu_disable_irq
                0x00000a90        0x8 build/hal/hal_gic.o
                0x00000a90                cpu_disable_irq
 .text.i2c_init
                0x00000a98      0x138 build/drivers/i2c_driver.o
                0x00000a98                i2c_init
 .text.i2c_deinit
                0x00000bd0       0x58 build/drivers/i2c_driver.o
                0x00000bd0                i2c_deinit
 .text.i2c_read_async
                0x00000c28       0xac build/drivers/i2c_driver.o
                0x00000c28                i2c_read_async
 .text.i2c_irq_handler
                0x00000cd4      0x1c4 build/drivers/i2c_driver.o
                0x00000cd4                i2c_irq_handler
 .text.ble_init
                0x00000e98      0x16c build/drivers/ble_driver.o
                0x00000e98                ble_init
 .text.ble_deinit
                0x00001004       0x54 build/drivers/ble_driver.o
                0x00001004                ble_deinit
 .text.ble_start_advertising
                0x00001058       0xb4 build/drivers/ble_driver.o
                0x00001058                ble_start_advertising
 .text.ble_stop_advertising
                0x0000110c       0xb0 build/drivers/ble_driver.o
                0x0000110c                ble_stop_advertising
 .text.ble_send_data
                0x000011bc       0xe4 build/drivers/ble_driver.o
                0x000011bc                ble_send_data
 .text.ble_process
                0x000012a0       0xc4 build/drivers/ble_driver.o
                0x000012a0                ble_process
 .text.ble_irq_handler
                0x00001364      0x244 build/drivers/ble_driver.o
                0x00001364                ble_irq_handler
 .text.memset   0x000015a8       0xa8 C:/arm-gcc/arm-gnu-toolchain-13.2.Rel1-mingw-w64-i686-arm-none-eabi/bin/../lib/gcc/arm-none-eabi/13.2.1/thumb/v7ve+simd/hard\libc.a(libc_a-memset.o)
                0x000015a8                memset
 *(.rodata)
 .rodata        0x00001650       0x30 build/src/main.o
 *(.rodata*)
                0x00001680                        . = ALIGN (0x4)

.glue_7         0x00001680        0x0
 .glue_7        0x00001680        0x0 linker stubs

.glue_7t        0x00001680        0x0
 .glue_7t       0x00001680        0x0 linker stubs

.vfp11_veneer   0x00001680        0x0
 .vfp11_veneer  0x00001680        0x0 linker stubs

.v4_bx          0x00001680        0x0
 .v4_bx         0x00001680        0x0 linker stubs

.iplt           0x00001680        0x0
 .iplt          0x00001680        0x0 build/src/main.o

.rel.dyn        0x00001680        0x0
 .rel.iplt      0x00001680        0x0 build/src/main.o

.ARM.extab
 *(.ARM.extab* .gnu.linkonce.armextab.*)

.ARM.exidx      0x00001680        0x0
                0x00001680                        __exidx_start = .
 *(.ARM.exidx* .gnu.linkonce.armexidx.*)
                0x00001680                        __exidx_end = .
                0x00001680                        __data_load = LOADADDR (.data)

.data           0x20000000       0x48 load address 0x00001680
                0x20000000                        . = ALIGN (0x4)
                0x20000000                        __data_start = .
 *(.data)
 *(.data*)
 .data.g_i2c_handles
                0x20000000       0x48 build/drivers/i2c_driver.o
                0x20000048                        . = ALIGN (0x4)
                0x20000048                        __data_end = .

.igot.plt       0x20000048        0x0 load address 0x000016c8
 .igot.plt      0x20000048        0x0 build/src/main.o

.bss            0x20000048      0x950 load address 0x000016c8
                0x20000048                        . = ALIGN (0x4)
                0x20000048                        __bss_start = .
 *(.bss)
 *(.bss*)
 .bss.g_app_ctx
                0x20000048       0x16 build/src/main.o
 *fill*         0x2000005e        0x2 
 .bss.g_ble_handle
                0x20000060      0x938 build/drivers/ble_driver.o
 *(COMMON)
                0x20000998                        . = ALIGN (0x4)
                0x20000998                        __bss_end = .

.stack          0x200009a0     0x4c00 load address 0x000016c8
                0x200009a0                        . = ALIGN (0x8)
 *(.stack)
 .stack         0x200009a0     0x4c00 build/src/startup.o
                0x200055a0                _stack_top
                0x200055a0                        . = ALIGN (0x8)

.heap           0x200055a0    0x10000 load address 0x000016c8
                0x200055a0                        . = ALIGN (0x8)
                0x200055a0                        __heap_start = .
                0x200155a0                        . = (. + 0x10000)
 *fill*         0x200055a0    0x10000 
                0x200155a0                        __heap_end = .
                0x200155a0                        _end = .
OUTPUT(build/arm_a7_ble_i2c.elf elf32-littlearm)
LOAD linker stubs

.debug_info     0x00000000     0x2811
 .debug_info    0x00000000      0x886 build/src/main.o
 .debug_info    0x00000886      0x311 build/hal/hal_gic.o
 .debug_info    0x00000b97      0xdfa build/drivers/i2c_driver.o
 .debug_info    0x00001991      0xe5d build/drivers/ble_driver.o
 .debug_info    0x000027ee       0x23 build/src/startup.o

.debug_abbrev   0x00000000      0xb71
 .debug_abbrev  0x00000000      0x2e8 build/src/main.o
 .debug_abbrev  0x000002e8      0x160 build/hal/hal_gic.o
 .debug_abbrev  0x00000448      0x3a6 build/drivers/i2c_driver.o
 .debug_abbrev  0x000007ee      0x371 build/drivers/ble_driver.o
 .debug_abbrev  0x00000b5f       0x12 build/src/startup.o

.debug_loclists
                0x00000000     0x188d
 .debug_loclists
                0x00000000      0x1a6 build/src/main.o
 .debug_loclists
                0x000001a6      0x234 build/hal/hal_gic.o
 .debug_loclists
                0x000003da      0xd72 build/drivers/i2c_driver.o
 .debug_loclists
                0x0000114c      0x741 build/drivers/ble_driver.o

.debug_aranges  0x00000000      0x198
 .debug_aranges
                0x00000000       0x38 build/src/main.o
 .debug_aranges
                0x00000038       0x58 build/hal/hal_gic.o
 .debug_aranges
                0x00000090       0x60 build/drivers/i2c_driver.o
 .debug_aranges
                0x000000f0       0x80 build/drivers/ble_driver.o
 .debug_aranges
                0x00000170       0x28 build/src/startup.o

.debug_rnglists
                0x00000000      0x426
 .debug_rnglists
                0x00000000       0x95 build/src/main.o
 .debug_rnglists
                0x00000095       0x77 build/hal/hal_gic.o
 .debug_rnglists
                0x0000010c      0x190 build/drivers/i2c_driver.o
 .debug_rnglists
                0x0000029c      0x170 build/drivers/ble_driver.o
 .debug_rnglists
                0x0000040c       0x1a build/src/startup.o

.debug_line     0x00000000     0x1cc7
 .debug_line    0x00000000      0x394 build/src/main.o
 .debug_line    0x00000394      0x316 build/hal/hal_gic.o
 .debug_line    0x000006aa      0xa4e build/drivers/i2c_driver.o
 .debug_line    0x000010f8      0xb27 build/drivers/ble_driver.o
 .debug_line    0x00001c1f       0xa8 build/src/startup.o

.debug_str      0x00000000      0xae4
 .debug_str     0x00000000      0xae4 build/src/main.o
                                0x64c (size before relaxing)
 .debug_str     0x00000ae4      0x2bd build/hal/hal_gic.o
 .debug_str     0x00000ae4      0x517 build/drivers/i2c_driver.o
 .debug_str     0x00000ae4      0x723 build/drivers/ble_driver.o
 .debug_str     0x00000ae4       0x38 build/src/startup.o

.comment        0x00000000       0x44
 .comment       0x00000000       0x44 build/src/main.o
                                 0x45 (size before relaxing)
 .comment       0x00000044       0x45 build/hal/hal_gic.o
 .comment       0x00000044       0x45 build/drivers/i2c_driver.o
 .comment       0x00000044       0x45 build/drivers/ble_driver.o

.ARM.attributes
                0x00000000       0x39
 .ARM.attributes
                0x00000000       0x3b build/src/main.o
 .ARM.attributes
                0x0000003b       0x3b build/hal/hal_gic.o
 .ARM.attributes
                0x00000076       0x3b build/drivers/i2c_driver.o
 .ARM.attributes
                0x000000b1       0x3b build/drivers/ble_driver.o
 .ARM.attributes
                0x000000ec       0x21 build/src/startup.o
 .ARM.attributes
                0x0000010d       0x3b C:/arm-gcc/arm-gnu-toolchain-13.2.Rel1-mingw-w64-i686-arm-none-eabi/bin/../lib/gcc/arm-none-eabi/13.2.1/thumb/v7ve+simd/hard\libc.a(libc_a-memset.o)
 .ARM.attributes
                0x00000148       0x21 C:/arm-gcc/arm-gnu-toolchain-13.2.Rel1-mingw-w64-i686-arm-none-eabi/bin/../lib/gcc/arm-none-eabi/13.2.1/thumb/v7ve+simd/hard\libc.a(libc_a-memcpy.o)

.debug_frame    0x00000000      0x42c
 .debug_frame   0x00000000       0x94 build/src/main.o
 .debug_frame   0x00000094       0x9c build/hal/hal_gic.o
 .debug_frame   0x00000130      0x128 build/drivers/i2c_driver.o
 .debug_frame   0x00000258      0x1a8 build/drivers/ble_driver.o
 .debug_frame   0x00000400       0x2c C:/arm-gcc/arm-gnu-toolchain-13.2.Rel1-mingw-w64-i686-arm-none-eabi/bin/../lib/gcc/arm-none-eabi/13.2.1/thumb/v7ve+simd/hard\libc.a(libc_a-memset.o)

.debug_line_str
                0x00000000      0x10e
 .debug_line_str
                0x00000000      0x10e build/src/startup.o
                                 0x2a (size before relaxing)
 .debug_line_str
                0x0000010e       0xe4 C:/arm-gcc/arm-gnu-toolchain-13.2.Rel1-mingw-w64-i686-arm-none-eabi/bin/../lib/gcc/arm-none-eabi/13.2.1/thumb/v7ve+simd/hard\libc.a(libc_a-memcpy.o)
